============================= test session starts =============================
platform win32 -- Python 3.10.14, pytest-8.2.2, pluggy-1.5.0
Matplotlib: 3.9.0
Freetype: 2.6.1
rootdir: C:\Users\manue\Documents\speedgraph
plugins: cov-5.0.0, mpl-0.17.0
collected 9 items

tests\unit\test_graph.py ..                                              [ 22%]
tests\unit\test_utils.py .......                                         [100%]

============================== warnings summary ===============================
tests/unit/test_graph.py::test_create_plot_single_speed
tests/unit/test_graph.py::test_create_plot_dual_speed
  C:\Users\manue\Documents\speedgraph\src\graph.py:19: UserWarning: No artists with labels found to put in legend.  Note that artists whose label start with an underscore are ignored when legend() is called with no argument.
    ax.legend()

-- Docs: https://docs.pytest.org/en/stable/how-to/capture-warnings.html
======================== 9 passed, 2 warnings in 1.44s ========================
